Unable to find image 'aquasec/trivy:latest' locally
latest: Pulling from aquasec/trivy
0c664a59f299: Pulling fs layer
99f1ca71a2b5: Pulling fs layer
9b17763e725d: Pulling fs layer
99f1ca71a2b5: Download complete
0c664a59f299: Download complete
0c664a59f299: Pull complete
9b17763e725d: Download complete
99f1ca71a2b5: Pull complete
9b17763e725d: Pull complete
Digest: sha256:62b1e65e8869bc4b4c6aa4fa2b21595256c7c2f6018a9d9ad61caf87187c1969
Status: Downloaded newer image for aquasec/trivy:latest
2026-09-09T21:31:54Z	INFO	[vulndb] Need to update DB
2026-09-09T21:31:54Z	INFO	[vulndb] Downloading vulnerability DB...
2026-09-09T21:31:54Z	INFO	[vulndb] Downloading artifact...	repo="mirror.gcr.io/aquasec/trivy-db:2"
79.23 KiB / 112.28 MiB [>____________________________________________________________] 0.07% ? p/s ?255.23 KiB / 112.28 MiB [>___________________________________________________________] 0.22% ? p/s ?735.23 KiB / 112.28 MiB [>___________________________________________________________] 0.64% ? p/s ?2.08 MiB / 112.28 MiB [>________________________________________________] 1.85% 3.34 MiB p/s ETA 33s4.83 MiB / 112.28 MiB [-->______________________________________________] 4.30% 3.34 MiB p/s ETA 32s11.05 MiB / 112.28 MiB [---->___________________________________________] 9.84% 3.34 MiB p/s ETA 30s17.23 MiB / 112.28 MiB [------->_______________________________________] 15.35% 4.75 MiB p/s ETA 20s23.20 MiB / 112.28 MiB [--------->_____________________________________] 20.67% 4.75 MiB p/s ETA 18s29.33 MiB / 112.28 MiB [------------>__________________________________] 26.12% 4.75 MiB p/s ETA 17s35.45 MiB / 112.28 MiB [-------------->________________________________] 31.58% 6.40 MiB p/s ETA 11s41.61 MiB / 112.28 MiB [----------------->_____________________________] 37.06% 6.40 MiB p/s ETA 11s47.77 MiB / 112.28 MiB [------------------->___________________________] 42.54% 6.40 MiB p/s ETA 10s53.89 MiB / 112.28 MiB [----------------------->________________________] 48.00% 7.97 MiB p/s ETA 7s60.11 MiB / 112.28 MiB [------------------------->______________________] 53.54% 7.97 MiB p/s ETA 6s66.36 MiB / 112.28 MiB [---------------------------->___________________] 59.10% 7.97 MiB p/s ETA 5s72.39 MiB / 112.28 MiB [------------------------------>_________________] 64.47% 9.45 MiB p/s ETA 4s78.33 MiB / 112.28 MiB [--------------------------------->______________] 69.76% 9.45 MiB p/s ETA 3s84.83 MiB / 112.28 MiB [------------------------------------>___________] 75.55% 9.45 MiB p/s ETA 2s90.74 MiB / 112.28 MiB [------------------------------------->_________] 80.81% 10.81 MiB p/s ETA 1s97.08 MiB / 112.28 MiB [---------------------------------------->______] 86.46% 10.81 MiB p/s ETA 1s103.14 MiB / 112.28 MiB [------------------------------------------>___] 91.86% 10.81 MiB p/s ETA 0s109.39 MiB / 112.28 MiB [-------------------------------------------->_] 97.43% 12.12 MiB p/s ETA 0s112.28 MiB / 112.28 MiB [-------------------------------------------->] 100.00% 12.12 MiB p/s ETA 0s112.28 MiB / 112.28 MiB [-------------------------------------------->] 100.00% 12.12 MiB p/s ETA 0s112.28 MiB / 112.28 MiB [-------------------------------------------->] 100.00% 11.65 MiB p/s ETA 0s112.28 MiB / 112.28 MiB [-------------------------------------------->] 100.00% 11.65 MiB p/s ETA 0s112.28 MiB / 112.28 MiB [-------------------------------------------->] 100.00% 11.65 MiB p/s ETA 0s112.28 MiB / 112.28 MiB [-------------------------------------------->] 100.00% 10.90 MiB p/s ETA 0s112.28 MiB / 112.28 MiB [-------------------------------------------->] 100.00% 10.90 MiB p/s ETA 0s112.28 MiB / 112.28 MiB [-------------------------------------------->] 100.00% 10.90 MiB p/s ETA 0s112.28 MiB / 112.28 MiB [-------------------------------------------->] 100.00% 10.19 MiB p/s ETA 0s112.28 MiB / 112.28 MiB [-------------------------------------------->] 100.00% 10.19 MiB p/s ETA 0s112.28 MiB / 112.28 MiB [-------------------------------------------->] 100.00% 10.19 MiB p/s ETA 0s112.28 MiB / 112.28 MiB [--------------------------------------------->] 100.00% 9.54 MiB p/s ETA 0s112.28 MiB / 112.28 MiB [--------------------------------------------->] 100.00% 9.54 MiB p/s ETA 0s112.28 MiB / 112.28 MiB [--------------------------------------------->] 100.00% 9.54 MiB p/s ETA 0s112.28 MiB / 112.28 MiB [--------------------------------------------->] 100.00% 8.92 MiB p/s ETA 0s112.28 MiB / 112.28 MiB [--------------------------------------------->] 100.00% 8.92 MiB p/s ETA 0s112.28 MiB / 112.28 MiB [--------------------------------------------->] 100.00% 8.92 MiB p/s ETA 0s112.28 MiB / 112.28 MiB [--------------------------------------------->] 100.00% 8.34 MiB p/s ETA 0s112.28 MiB / 112.28 MiB [--------------------------------------------->] 100.00% 8.34 MiB p/s ETA 0s112.28 MiB / 112.28 MiB [-----------------------------------------------] 100.00% 13.81 MiB p/s 8.3s2026-09-09T21:32:05Z	INFO	[vulndb] Artifact successfully downloaded	repo="mirror.gcr.io/aquasec/trivy-db:2"
2026-09-09T21:32:05Z	INFO	[vuln] Vulnerability scanning is enabled
2026-09-09T21:32:05Z	INFO	[secret] Secret scanning is enabled
2026-09-09T21:32:05Z	INFO	[secret] If your scanning is slow, please try '--scanners vuln' to disable secret scanning
2026-09-09T21:32:05Z	INFO	[secret] Please see https://trivy.dev/docs/v0.74/guide/scanner/secret#recommendation for faster secret detection
2026-09-09T21:32:10Z	INFO	Detected OS	family="debian" version="13.6"
2026-09-09T21:32:10Z	INFO	[debian] Detecting vulnerabilities...	os_version="13" pkg_num=13
2026-09-09T21:32:10Z	INFO	Number of language-specific files	num=1
2026-09-09T21:32:10Z	INFO	[node-pkg] Detecting vulnerabilities...
2026-09-09T21:32:10Z	WARN	Using severities from other vendors for some vulnerabilities. Read https://trivy.dev/docs/v0.74/guide/scanner/vulnerability#severity-selection for details.
